[infogsolution.com/index.html]
[infogsolution.com/museutils.js]
[infogsolution.com/jquery.musepolyfill.bgsize.js]
[infogsolution.com/webpro.js]
[infogsolution.com/musewpslideshow.js]
[infogsolution.com/jquery.museoverlay.js]
[infogsolution.com/touchswipe.js]
[infogsolution.com/jquery.watch.js]
[infogsolution.com/museredirect.js]
[infogsolution.com/jquery.scrolleffects.js]
[infogsolution.com/scripts/museredirect09c7.js]
[infogsolution.com/phone/index.html]
[backblue.gif]
[fade.gif]
[index.html]
[infogsolution.com/css/site_global62e7.css]
[infogsolution.com/css/master_a-master-nosidenav18b4.css]
[infogsolution.com/css/index9144.css]
[infogsolution.com/images/pasted-svg-720976x302.svg]
[infogsolution.com/about-us.html]
[infogsolution.com/our-services.html]
[infogsolution.com/careers.html]
[infogsolution.com/contact.html]
[infogsolution.com/index-2.html]
[infogsolution.com/images/arrows-mn_arrow_left white.png]
[infogsolution.com/images/u7525-r.png]
[infogsolution.com/images/u7523-r.png]
[infogsolution.com/images/u7529-r.png]
[infogsolution.com/mautic/index.php]
[infogsolution.com/scripts/museutils3afc.js]
[infogsolution.com/scripts/whatinput0bf9.js]
[infogsolution.com/scripts/jquery.musepolyfill.bgsize10e7.js]
[infogsolution.com/scripts/webpro47df.js]
[infogsolution.com/scripts/musewpslideshow10ec.js]
[infogsolution.com/scripts/jquery.museoverlayc77e.js]
[infogsolution.com/scripts/touchswipee8c7.js]
[infogsolution.com/scripts/jquery.watchf4c4.js]
[infogsolution.com/scripts/jquery.scrolleffectsb0c2.js]
[infogsolution.com/index.html]
[infogsolution.com/museutils.html]
[infogsolution.com/jquery.musepolyfill.bgsize.html]
[infogsolution.com/webpro.html]
[infogsolution.com/musewpslideshow.html]
[infogsolution.com/jquery.museoverlay.html]
[infogsolution.com/touchswipe.html]
[infogsolution.com/jquery.watch.html]
[infogsolution.com/museredirect.html]
[infogsolution.com/jquery.scrolleffects.html]
[infogsolution.com/phone/museutils.js]
[infogsolution.com/phone/jquery.musepolyfill.bgsize.js]
[infogsolution.com/phone/webpro.js]
[infogsolution.com/phone/musewpslideshow.js]
[infogsolution.com/phone/jquery.museoverlay.js]
[infogsolution.com/phone/touchswipe.js]
[infogsolution.com/phone/jquery.watch.js]
[infogsolution.com/phone/css/master_a-master-nologo8eb7.css]
[infogsolution.com/phone/css/index9650.css]
[infogsolution.com/phone/about-us.html]
[infogsolution.com/phone/our-services.html]
[infogsolution.com/phone/careers.html]
[infogsolution.com/phone/contact.html]
[infogsolution.com/images/u7266-r.png]
[infogsolution.com/images/u7271-r.png]
[infogsolution.com/images/u7269-r.png]
[infogsolution.com/phone/index.html]
[infogsolution.com/css/site_global62e7.css]
[infogsolution.com/images/u7525.png]
[infogsolution.com/images/u7523.png]
[infogsolution.com/images/u7529.png]
[infogsolution.com/css/master_a-master-nosidenav18b4.css]
[infogsolution.com/images/header-bg.jpg]
[infogsolution.com/images/about-us-1-1.jpg]
[infogsolution.com/images/services.jpg]
[infogsolution.com/images/contact.jpg]
[infogsolution.com/images/careers.jpg]
[infogsolution.com/images/arrows-mn_arrow_left.png]
[infogsolution.com/css/index9144.css]
[infogsolution.com/images/pasted-svg-720976x302.svg]
[infogsolution.com/jquery.musemenu.js]
[infogsolution.com/css/master_a-masterd0c0.css]
[infogsolution.com/css/about-usf4e7.css]
[infogsolution.com/images/pasted-svg-720976x3022.svg]
[infogsolution.com/images/u3665-r.png]
[infogsolution.com/images/u3667-r.png]
[infogsolution.com/images/u3669-r.png]
[infogsolution.com/scripts/jquery.musemenu2aba.js]
[infogsolution.com/about-us.html]
[infogsolution.com/musewpdisclosure.js]
[infogsolution.com/css/our-services1399.css]
[infogsolution.com/images/data conversion.png]
[infogsolution.com/images/elearning.png]
[infogsolution.com/images/image processing.png]
[infogsolution.com/images/epub.png]
[infogsolution.com/images/mobile app.png]
[infogsolution.com/images/software development.png]
[infogsolution.com/scripts/musewpdisclosurebdc4.js]
[infogsolution.com/our-services.html]
[infogsolution.com/css/careersc2da.css]
[infogsolution.com/careers.html]
[infogsolution.com/css/contact7518.css]
[infogsolution.com/contact.html]
[infogsolution.com/index-2.html]
[infogsolution.com/mautic/index.html]
[infogsolution.com/phone/museutils.html]
[infogsolution.com/phone/jquery.musepolyfill.bgsize.html]
[infogsolution.com/phone/webpro.html]
[infogsolution.com/phone/musewpslideshow.html]
[infogsolution.com/phone/jquery.museoverlay.html]
[infogsolution.com/phone/touchswipe.html]
[infogsolution.com/phone/jquery.watch.html]
[infogsolution.com/images/u7266.png]
[infogsolution.com/images/u7271.png]
[infogsolution.com/images/u7269.png]
[infogsolution.com/phone/css/master_a-master-nologo8eb7.css]
[infogsolution.com/phone/css/index9650.css]
[infogsolution.com/images/header-bg-u6315-fr.jpg]
[infogsolution.com/phone/jquery.musemenu.53.delayed]
[infogsolution.com/phone/css/master_a-master5b97.css]
[infogsolution.com/phone/css/about-us6fdd.css]
[infogsolution.com/images/u3693-r.png]
[infogsolution.com/images/u3697-r.png]
[infogsolution.com/images/u3695-r.png]
[infogsolution.com/phone/about-us.html]
[infogsolution.com/phone/musewpdisclosure.js]
[infogsolution.com/phone/css/our-services3071.css]
[infogsolution.com/phone/our-services.html]
[infogsolution.com/phone/css/careers365b.css]
[infogsolution.com/phone/careers.html]
[infogsolution.com/phone/css/contact57ac.css]
[infogsolution.com/phone/contact.html]
[infogsolution.com/jquery.musemenu.html]
[infogsolution.com/images/u3665.png]
[infogsolution.com/images/u3667.png]
[infogsolution.com/images/u3669.png]
[infogsolution.com/css/master_a-masterd0c0.css]
[infogsolution.com/css/about-usf4e7.css]
[infogsolution.com/images/pasted-svg-720976x3022.svg]
[infogsolution.com/musewpdisclosure.html]
[infogsolution.com/images/aboutuspage.jpg]
[infogsolution.com/images/pen_01-ieu7646-fr.png]
[infogsolution.com/images/pen_01.jpg]
[infogsolution.com/css/our-services1399.css]
[infogsolution.com/css/careersc2da.css]
[infogsolution.com/css/contact7518.css]
[infogsolution.com/phone/jquery.musemenu.html]
[infogsolution.com/images/u3693.png]
[infogsolution.com/images/u3697.png]
[infogsolution.com/images/u3695.png]
[infogsolution.com/phone/css/master_a-master5b97.css]
[infogsolution.com/phone/css/about-us6fdd.css]
[infogsolution.com/phone/musewpdisclosure.html]
[infogsolution.com/images/aboutuspage-u1839-fr.jpg]
[infogsolution.com/images/pen_01-ieu7754-fr.png]
[infogsolution.com/phone/css/our-services3071.css]
[infogsolution.com/phone/css/careers365b.css]
[infogsolution.com/phone/css/contact57ac.css]
